[rtptoga.store/index.html]
[backblue.gif]
[fade.gif]
[index.html]
[static.zdassets.com/ekr/snippetb4d9.js]
[i.imgur.com/AWBtZwI.png]
[rtptoga.store/maxcdn.bootstrapcdn.com/bootstrap/4.5.2/css/bootstrap.min.css]
[rtptoga.store/ajax.googleapis.com/ajax/libs/jquery/1.8.2/jquery.min.js]
[rtptoga.store/ajax.googleapis.com/ajax/libs/jquery/3.5.1/jquery.min.js]
[rtptoga.store/maxcdn.bootstrapcdn.com/bootstrap/4.5.2/js/bootstrap.min.js]
[rtptoga.store/assets/css/dibet.css]
[rtptoga.store/cdnjs.cloudflare.com/ajax/libs/font-awesome/6.0.0-beta3/css/all.min.css]
[rtptoga.store/index-2.html]
[rtptoga.store/assets/img/Toa.png]
[i.imgur.com/zd3YRlP.jpg]
[rtptoga.store/ 12/index.html]
[rtptoga.store/home.html]
[rtptoga.store/Pragmatic.html]
[rtptoga.store/PocketGamesSoft.html]
[rtptoga.store/Habanero.html]
[rtptoga.store/MicroGaming.html]
[rtptoga.store/TTG.html]
[rtptoga.store/SG.html]
[rtptoga.store/CQ9.html]
[rtptoga.store/Joker.html]
[rtptoga.store/IMAGES/pp/206.webp]
[rtptoga.store/IMAGES/pp/207.webp]
[rtptoga.store/IMAGES/pp/205.webp]
[rtptoga.store/IMAGES/pp/3.webp]
[rtptoga.store/IMAGES/pp/4.webp]
[rtptoga.store/IMAGES/pp/5.webp]
[rtptoga.store/IMAGES/pp/6.webp]
[rtptoga.store/IMAGES/pp/7.webp]
[rtptoga.store/IMAGES/pp/8.webp]
[rtptoga.store/IMAGES/pp/9.webp]
[rtptoga.store/IMAGES/pp/10.webp]
[rtptoga.store/IMAGES/pp/11.webp]
[rtptoga.store/IMAGES/pp/12.webp]
[rtptoga.store/IMAGES/pp/13.webp]
[rtptoga.store/IMAGES/pp/14.webp]
[rtptoga.store/IMAGES/pp/15.webp]
[rtptoga.store/IMAGES/pp/16.webp]
[rtptoga.store/IMAGES/pp/17.webp]
[rtptoga.store/IMAGES/pp/18.webp]
[rtptoga.store/IMAGES/pp/19.webp]
[rtptoga.store/IMAGES/pp/20.webp]
[rtptoga.store/IMAGES/pp/21.webp]
[rtptoga.store/IMAGES/pp/22.webp]
[rtptoga.store/IMAGES/pp/23.webp]
[rtptoga.store/IMAGES/pp/24.webp]
[rtptoga.store/IMAGES/pp/25.webp]
[rtptoga.store/IMAGES/pp/26.webp]
[rtptoga.store/IMAGES/pp/27.webp]
[rtptoga.store/IMAGES/pp/28.webp]
[rtptoga.store/IMAGES/pp/29.webp]
[rtptoga.store/IMAGES/pp/30.webp]
[rtptoga.store/IMAGES/pp/31.webp]
[rtptoga.store/IMAGES/pp/32.webp]
[rtptoga.store/IMAGES/pp/33.webp]
[rtptoga.store/IMAGES/pp/34.webp]
[rtptoga.store/IMAGES/pp/35.webp]
[rtptoga.store/IMAGES/pp/36.webp]
[rtptoga.store/IMAGES/pp/37.webp]
[rtptoga.store/IMAGES/pp/38.webp]
[rtptoga.store/IMAGES/pp/39.webp]
[rtptoga.store/IMAGES/pp/40.webp]
[rtptoga.store/IMAGES/pp/41.webp]
[rtptoga.store/IMAGES/pp/42.webp]
[rtptoga.store/IMAGES/pp/43.webp]
[rtptoga.store/IMAGES/pp/44.webp]
[rtptoga.store/IMAGES/pp/45.webp]
[rtptoga.store/IMAGES/pp/46.webp]
[rtptoga.store/IMAGES/pp/47.webp]
[rtptoga.store/IMAGES/pp/48.webp]
[rtptoga.store/IMAGES/pp/49.webp]
[rtptoga.store/IMAGES/pp/50.webp]
[rtptoga.store/IMAGES/pp/51.webp]
[rtptoga.store/IMAGES/pp/52.webp]
[rtptoga.store/IMAGES/pp/53.webp]
[rtptoga.store/IMAGES/pp/54.webp]
[rtptoga.store/IMAGES/pp/55.webp]
[rtptoga.store/IMAGES/pp/56.webp]
[rtptoga.store/IMAGES/pp/57.webp]
[rtptoga.store/IMAGES/pp/58.webp]
[rtptoga.store/IMAGES/pp/59.webp]
[rtptoga.store/IMAGES/pp/60.webp]
[rtptoga.store/IMAGES/pp/61.webp]
[rtptoga.store/IMAGES/pp/62.webp]
[rtptoga.store/IMAGES/pp/63.webp]
[rtptoga.store/IMAGES/pp/64.webp]
[rtptoga.store/IMAGES/pp/65.webp]
[rtptoga.store/IMAGES/pp/66.webp]
[rtptoga.store/IMAGES/pp/67.webp]
[rtptoga.store/IMAGES/pp/68.webp]
[rtptoga.store/IMAGES/pp/69.webp]
[rtptoga.store/IMAGES/pp/70.webp]
[rtptoga.store/IMAGES/pp/71.webp]
[rtptoga.store/IMAGES/pp/72.webp]
[rtptoga.store/IMAGES/pp/73.webp]
[rtptoga.store/IMAGES/pp/74.webp]
[rtptoga.store/IMAGES/pp/75.webp]
[rtptoga.store/IMAGES/pp/76.webp]
[rtptoga.store/IMAGES/pp/77.webp]
[rtptoga.store/IMAGES/pp/78.webp]
[rtptoga.store/IMAGES/pp/79.webp]
[rtptoga.store/IMAGES/pp/80.webp]
[rtptoga.store/IMAGES/pp/81.webp]
[rtptoga.store/IMAGES/pp/82.webp]
[rtptoga.store/IMAGES/pp/83.webp]
[rtptoga.store/IMAGES/pp/84.webp]
[rtptoga.store/IMAGES/pp/85.webp]
[rtptoga.store/IMAGES/pp/86.webp]
[rtptoga.store/IMAGES/pp/87.webp]
[rtptoga.store/IMAGES/pp/88.webp]
[rtptoga.store/IMAGES/pp/89.webp]
[rtptoga.store/IMAGES/pp/90.webp]
[rtptoga.store/IMAGES/pp/91.webp]
[rtptoga.store/IMAGES/pp/92.webp]
[rtptoga.store/IMAGES/pp/93.webp]
[rtptoga.store/IMAGES/pp/94.webp]
[rtptoga.store/IMAGES/pp/95.webp]
[rtptoga.store/IMAGES/pp/96.webp]
[rtptoga.store/IMAGES/pp/97.webp]
[rtptoga.store/IMAGES/pp/98.webp]
[rtptoga.store/IMAGES/pp/99.webp]
[rtptoga.store/IMAGES/pp/100.webp]
[rtptoga.store/IMAGES/pp/101.webp]
[rtptoga.store/IMAGES/pp/102.webp]
[rtptoga.store/IMAGES/pp/103.webp]
[rtptoga.store/IMAGES/pp/104.webp]
[rtptoga.store/IMAGES/pp/105.webp]
[rtptoga.store/IMAGES/pp/106.webp]
[rtptoga.store/IMAGES/pp/107.webp]
[rtptoga.store/IMAGES/pp/108.webp]
[rtptoga.store/IMAGES/pp/109.webp]
[rtptoga.store/IMAGES/pp/110.webp]
[rtptoga.store/IMAGES/pp/111.webp]
[rtptoga.store/IMAGES/pp/112.webp]
[rtptoga.store/IMAGES/pp/113.webp]
[rtptoga.store/IMAGES/pp/114.webp]
[rtptoga.store/IMAGES/pp/115.webp]
[rtptoga.store/IMAGES/pp/116.webp]
[rtptoga.store/IMAGES/pp/117.webp]
[rtptoga.store/IMAGES/pp/118.webp]
[rtptoga.store/IMAGES/pp/119.webp]
[rtptoga.store/IMAGES/pp/120.webp]
[rtptoga.store/IMAGES/pp/121.webp]
[rtptoga.store/IMAGES/pp/122.webp]
[rtptoga.store/IMAGES/pp/123.webp]
[rtptoga.store/IMAGES/pp/124.webp]
[rtptoga.store/IMAGES/pp/125.webp]
[rtptoga.store/IMAGES/pp/126.webp]
[rtptoga.store/IMAGES/pp/127.webp]
[rtptoga.store/IMAGES/pp/128.webp]
[rtptoga.store/IMAGES/pp/129.webp]
[rtptoga.store/IMAGES/pp/130.webp]
[rtptoga.store/IMAGES/pp/131.webp]
[rtptoga.store/IMAGES/pp/132.webp]
[rtptoga.store/IMAGES/pp/133.webp]
[rtptoga.store/IMAGES/pp/134.webp]
[rtptoga.store/IMAGES/pp/135.webp]
[rtptoga.store/IMAGES/pp/136.webp]
[rtptoga.store/IMAGES/pp/137.webp]
[rtptoga.store/IMAGES/pp/138.webp]
[rtptoga.store/IMAGES/pp/139.webp]
[rtptoga.store/IMAGES/pp/140.webp]
[rtptoga.store/IMAGES/pp/141.webp]
[rtptoga.store/IMAGES/pp/142.webp]
[rtptoga.store/IMAGES/pp/143.webp]
[rtptoga.store/IMAGES/pp/144.webp]
[rtptoga.store/IMAGES/pp/145.webp]
[rtptoga.store/IMAGES/pp/146.webp]
[rtptoga.store/IMAGES/pp/147.webp]
[rtptoga.store/IMAGES/pp/148.webp]
[rtptoga.store/IMAGES/pp/149.webp]
[rtptoga.store/IMAGES/pp/150.webp]
[rtptoga.store/IMAGES/pp/151.webp]
[rtptoga.store/IMAGES/pp/152.webp]
[rtptoga.store/IMAGES/pp/153.webp]
[rtptoga.store/IMAGES/pp/154.webp]
[rtptoga.store/IMAGES/pp/155.webp]
[rtptoga.store/IMAGES/pp/156.webp]
[rtptoga.store/IMAGES/pp/157.webp]
[rtptoga.store/IMAGES/pp/158.webp]
[rtptoga.store/IMAGES/pp/159.webp]
[rtptoga.store/IMAGES/pp/160.webp]
[rtptoga.store/IMAGES/pp/161.webp]
[rtptoga.store/IMAGES/pp/162.webp]
[rtptoga.store/IMAGES/pp/163.webp]
[rtptoga.store/IMAGES/pp/164.webp]
[rtptoga.store/IMAGES/pp/165.webp]
[rtptoga.store/IMAGES/pp/166.webp]
[rtptoga.store/IMAGES/pp/167.webp]
[rtptoga.store/IMAGES/pp/168.webp]
[rtptoga.store/IMAGES/pp/169.webp]
[rtptoga.store/IMAGES/pp/170.webp]
[rtptoga.store/IMAGES/pp/171.webp]
[rtptoga.store/IMAGES/pp/172.webp]
[rtptoga.store/IMAGES/pp/173.webp]
[rtptoga.store/IMAGES/pp/174.webp]
[rtptoga.store/IMAGES/pp/175.webp]
[rtptoga.store/IMAGES/pp/176.webp]
[rtptoga.store/IMAGES/pp/177.webp]
[rtptoga.store/IMAGES/pp/178.webp]
[rtptoga.store/IMAGES/pp/179.webp]
[rtptoga.store/IMAGES/pp/180.webp]
[rtptoga.store/IMAGES/pp/181.webp]
[rtptoga.store/IMAGES/pp/182.webp]
[rtptoga.store/IMAGES/pp/183.webp]
[rtptoga.store/IMAGES/pp/199.webp]
[rtptoga.store/IMAGES/pp/198.webp]
[rtptoga.store/IMAGES/pp/195.webp]
[rtptoga.store/IMAGES/pp/196.webp]
[rtptoga.store/IMAGES/pp/197.webp]
[rtptoga.store/IMAGES/pp/1.webp]
[rtptoga.store/IMAGES/pp/2.webp]
[rtptoga.store/IMAGES/pp/202.webp]
[rtptoga.store/IMAGES/pp/203.webp]
[rtptoga.store/IMAGES/pp/201.webp]
[rtptoga.store/IMAGES/pp/200.webp]
[rtptoga.store/IMAGES/pp/204.webp]
[rtptoga.store/IMAGES/pp/184.webp]
[rtptoga.store/IMAGES/pp/185.webp]
[rtptoga.store/IMAGES/pp/186.webp]
[rtptoga.store/IMAGES/pp/187.webp]
[rtptoga.store/IMAGES/pp/188.webp]
[rtptoga.store/IMAGES/pp/189.webp]
[rtptoga.store/IMAGES/pp/190.webp]
[rtptoga.store/IMAGES/pp/191.webp]
[rtptoga.store/IMAGES/pp/192.webp]
[rtptoga.store/IMAGES/pp/193.webp]
[rtptoga.store/IMAGES/pp/194.webp]
[rtptoga.store/assets/img/bunny.gif]
[rtptoga.store/assets/js/pragma.js]
[rtptoga.store/assets/js/pragma1.js]
[rtptoga.store/index.html]
[rtptoga.store/maxcdn.bootstrapcdn.com/bootstrap/4.5.2/css/bootstrap.min.css]
[rtptoga.store/assets/bg.gif]
[rtptoga.store/assets/home.svg]
[rtptoga.store/assets/favorit.svg]
[rtptoga.store/assets/slot88.html]
[rtptoga.store/assets/Joker.svg]
[rtptoga.store/assets/Pragmaticplay.svg]
[rtptoga.store/assets/habanero.svg]
[rtptoga.store/assets/idnslot.html]
[rtptoga.store/assets/cq9-2.png]
[rtptoga.store/assets/pg.svg]
[rtptoga.store/assets/microgaming.svg]
[rtptoga.store/assets/isoftbet.html]
[rtptoga.store/assets/playstar.html]
[rtptoga.store/assets/logo-ttg.svg]
[rtptoga.store/assets/spadegaming.svg]
[rtptoga.store/assets/redtiger.html]
[rtptoga.store/assets/rtg.html]
[rtptoga.store/assets/simpleplay.html]
[rtptoga.store/assets/gameplay.html]
[rtptoga.store/assets/netent.html]
[rtptoga.store/assets/css/dibet.css]
[rtptoga.store/cdnjs.cloudflare.com/ajax/libs/font-awesome/6.0.0-beta3/css/all.min.css]
[rtptoga.store/index-2.html]
[rtptoga.store/ 12/index.html]
[rtptoga.store/assets/mannaplay.html]
[i.imgur.com/KHkYDEB.gif]
[rtptoga.store/home.html]
[rtptoga.store/Pragmatic.html]
[rtptoga.store/assets/img/PG/85.webp]
[rtptoga.store/assets/img/PG/84.webp]
[rtptoga.store/assets/img/PG/83.webp]
[rtptoga.store/assets/img/PG/5.webp]
[rtptoga.store/assets/img/PG/6.webp]
[rtptoga.store/assets/img/PG/7.webp]
[rtptoga.store/assets/img/PG/8.webp]
[rtptoga.store/assets/img/PG/9.webp]
[rtptoga.store/assets/img/PG/10.webp]
[rtptoga.store/assets/img/PG/11.webp]
[rtptoga.store/assets/img/PG/12.webp]
[rtptoga.store/assets/img/PG/13.webp]
[rtptoga.store/assets/img/PG/14.webp]
[rtptoga.store/assets/img/PG/15.webp]
[rtptoga.store/assets/img/PG/16.webp]
[rtptoga.store/assets/img/PG/17.webp]
[rtptoga.store/assets/img/PG/18.webp]
[rtptoga.store/assets/img/PG/19.webp]
[rtptoga.store/assets/img/PG/20.webp]
[rtptoga.store/assets/img/PG/21.webp]
[rtptoga.store/assets/img/PG/22.webp]
[rtptoga.store/assets/img/PG/23.webp]
[rtptoga.store/assets/img/PG/24.webp]
[rtptoga.store/assets/img/PG/25.webp]
[rtptoga.store/assets/img/PG/26.webp]
[rtptoga.store/assets/img/PG/27.webp]
[rtptoga.store/assets/img/PG/28.webp]
[rtptoga.store/assets/img/PG/29.webp]
[rtptoga.store/assets/img/PG/30.webp]
[rtptoga.store/assets/img/PG/31.webp]
[rtptoga.store/assets/img/PG/32.webp]
[rtptoga.store/assets/img/PG/33.webp]
[rtptoga.store/assets/img/PG/34.webp]
[rtptoga.store/assets/img/PG/35.webp]
[rtptoga.store/assets/img/PG/36.webp]
[rtptoga.store/assets/img/PG/37.webp]
[rtptoga.store/assets/img/PG/38.webp]
[rtptoga.store/assets/img/PG/39.webp]
[rtptoga.store/assets/img/PG/40.webp]
[rtptoga.store/assets/img/PG/41.webp]
[rtptoga.store/assets/img/PG/42.webp]
[rtptoga.store/assets/img/PG/43.webp]
[rtptoga.store/assets/img/PG/44.webp]
[rtptoga.store/assets/img/PG/45.webp]
[rtptoga.store/assets/img/PG/46.webp]
[rtptoga.store/assets/img/PG/47.webp]
[rtptoga.store/assets/img/PG/48.webp]
[rtptoga.store/assets/img/PG/49.webp]
[rtptoga.store/assets/img/PG/50.webp]
[rtptoga.store/assets/img/PG/51.webp]
[rtptoga.store/assets/img/PG/52.webp]
[rtptoga.store/assets/img/PG/53.webp]
[rtptoga.store/assets/img/PG/54.webp]
[rtptoga.store/assets/img/PG/55.webp]
[rtptoga.store/assets/img/PG/56.webp]
[rtptoga.store/assets/img/PG/57.webp]
[rtptoga.store/assets/img/PG/58.webp]
[rtptoga.store/assets/img/PG/59.webp]
[rtptoga.store/assets/img/PG/60.webp]
[rtptoga.store/assets/img/PG/61.webp]
[rtptoga.store/assets/img/PG/62.webp]
[rtptoga.store/assets/img/PG/63.webp]
[rtptoga.store/assets/img/PG/64.webp]
[rtptoga.store/assets/img/PG/65.webp]
[rtptoga.store/assets/img/PG/66.webp]
[rtptoga.store/assets/img/PG/67.webp]
[rtptoga.store/assets/img/PG/68.webp]
[rtptoga.store/assets/img/PG/69.webp]
[rtptoga.store/assets/img/PG/70.webp]
[rtptoga.store/assets/img/PG/71.webp]
[rtptoga.store/assets/img/PG/72.webp]
[rtptoga.store/assets/img/PG/73.webp]
[rtptoga.store/assets/img/PG/74.webp]
[rtptoga.store/assets/img/PG/75.webp]
[rtptoga.store/assets/img/PG/79.webp]
[rtptoga.store/assets/img/PG/80.webp]
[rtptoga.store/assets/img/PG/1.webp]
[rtptoga.store/assets/img/PG/2.webp]
[rtptoga.store/assets/img/PG/3.webp]
[rtptoga.store/assets/img/PG/4.webp]
[rtptoga.store/assets/img/PG/81.webp]
[rtptoga.store/assets/img/PG/82.webp]
[rtptoga.store/assets/img/PG/76.webp]
[rtptoga.store/assets/img/PG/77.webp]
[rtptoga.store/assets/img/PG/78.webp]
[rtptoga.store/assets/js/pgsoft.js]
[rtptoga.store/assets/js/pgsoft1.js]
[rtptoga.store/PocketGamesSoft.html]
[rtptoga.store/assets/img/HB/193.webp]
[rtptoga.store/assets/img/HB/192.webp]
[rtptoga.store/assets/img/HB/191.webp]
[rtptoga.store/assets/img/HB/4.webp]
[rtptoga.store/assets/img/HB/5.webp]
[rtptoga.store/assets/img/HB/6.webp]
[rtptoga.store/assets/img/HB/7.webp]
[rtptoga.store/assets/img/HB/8.webp]
[rtptoga.store/assets/img/HB/9.webp]
[rtptoga.store/assets/img/HB/10.webp]
[rtptoga.store/assets/img/HB/11.webp]
[rtptoga.store/assets/img/HB/12.webp]
[rtptoga.store/assets/img/HB/13.webp]
[rtptoga.store/assets/img/HB/14.webp]
[rtptoga.store/assets/img/HB/15.webp]
[rtptoga.store/assets/img/HB/16.webp]
[rtptoga.store/assets/img/HB/17.webp]
[rtptoga.store/assets/img/HB/18.webp]
[rtptoga.store/assets/img/HB/19.webp]
[rtptoga.store/assets/img/HB/20.webp]
[rtptoga.store/assets/img/HB/21.webp]
[rtptoga.store/assets/img/HB/22.webp]
[rtptoga.store/assets/img/HB/23.webp]
[rtptoga.store/assets/img/HB/24.webp]
[rtptoga.store/assets/img/HB/25.webp]
[rtptoga.store/assets/img/HB/26.webp]
[rtptoga.store/assets/img/HB/27.webp]
[rtptoga.store/assets/img/HB/28.webp]
[rtptoga.store/assets/img/HB/29.webp]
[rtptoga.store/assets/img/HB/30.webp]
[rtptoga.store/assets/img/HB/31.webp]
[rtptoga.store/assets/img/HB/32.webp]
[rtptoga.store/assets/img/HB/33.webp]
[rtptoga.store/assets/img/HB/34.webp]
[rtptoga.store/assets/img/HB/35.webp]
[rtptoga.store/assets/img/HB/36.webp]
[rtptoga.store/assets/img/HB/37.webp]
[rtptoga.store/assets/img/HB/38.webp]
[rtptoga.store/assets/img/HB/39.webp]
[rtptoga.store/assets/img/HB/40.webp]
[rtptoga.store/assets/img/HB/41.webp]
[rtptoga.store/assets/img/HB/42.webp]
[rtptoga.store/assets/img/HB/43.webp]
[rtptoga.store/assets/img/HB/44.webp]
[rtptoga.store/assets/img/HB/45.webp]
[rtptoga.store/assets/img/HB/46.webp]
[rtptoga.store/assets/img/HB/47.webp]
[rtptoga.store/assets/img/HB/48.webp]
[rtptoga.store/assets/img/HB/49.webp]
[rtptoga.store/assets/img/HB/50.webp]
[rtptoga.store/assets/img/HB/51.webp]
[rtptoga.store/assets/img/HB/52.webp]
[rtptoga.store/assets/img/HB/53.webp]
[rtptoga.store/assets/img/HB/54.webp]
[rtptoga.store/assets/img/HB/55.webp]
[rtptoga.store/assets/img/HB/56.webp]
[rtptoga.store/assets/img/HB/57.webp]
[rtptoga.store/assets/img/HB/58.webp]
[rtptoga.store/assets/img/HB/59.webp]
[rtptoga.store/assets/img/HB/60.webp]
[rtptoga.store/assets/img/HB/61.webp]
[rtptoga.store/assets/img/HB/62.webp]
[rtptoga.store/assets/img/HB/63.webp]
[rtptoga.store/assets/img/HB/64.webp]
[rtptoga.store/assets/img/HB/65.webp]
[rtptoga.store/assets/img/HB/66.webp]
[rtptoga.store/assets/img/HB/67.webp]
[rtptoga.store/assets/img/HB/68.webp]
[rtptoga.store/assets/img/HB/69.webp]
[rtptoga.store/assets/img/HB/70.webp]
[rtptoga.store/assets/img/HB/71.webp]
[rtptoga.store/assets/img/HB/72.webp]
[rtptoga.store/assets/img/HB/73.webp]
[rtptoga.store/assets/img/HB/74.webp]
[rtptoga.store/assets/img/HB/75.webp]
[rtptoga.store/assets/img/HB/76.webp]
[rtptoga.store/assets/img/HB/77.webp]
[rtptoga.store/assets/img/HB/78.webp]
[rtptoga.store/assets/img/HB/79.webp]
[rtptoga.store/assets/img/HB/80.webp]
[rtptoga.store/assets/img/HB/81.webp]
[rtptoga.store/assets/img/HB/82.webp]
[rtptoga.store/assets/img/HB/83.webp]
[rtptoga.store/assets/img/HB/84.webp]
[rtptoga.store/assets/img/HB/85.webp]
[rtptoga.store/assets/img/HB/86.webp]
[rtptoga.store/assets/img/HB/87.webp]
[rtptoga.store/assets/img/HB/88.webp]
[rtptoga.store/assets/img/HB/89.webp]
[rtptoga.store/assets/img/HB/90.webp]
[rtptoga.store/assets/img/HB/91.webp]
[rtptoga.store/assets/img/HB/92.webp]
[rtptoga.store/assets/img/HB/93.webp]
[rtptoga.store/assets/img/HB/94.webp]
[rtptoga.store/assets/img/HB/95.webp]
[rtptoga.store/assets/img/HB/96.webp]
[rtptoga.store/assets/img/HB/97.webp]
[rtptoga.store/assets/img/HB/98.webp]
[rtptoga.store/assets/img/HB/99.webp]
[rtptoga.store/assets/img/HB/100.webp]
[rtptoga.store/assets/img/HB/101.webp]
[rtptoga.store/assets/img/HB/102.webp]
[rtptoga.store/assets/img/HB/103.webp]
[rtptoga.store/assets/img/HB/104.webp]
[rtptoga.store/assets/img/HB/105.webp]
[rtptoga.store/assets/img/HB/106.webp]
[rtptoga.store/assets/img/HB/107.webp]
[rtptoga.store/assets/img/HB/108.webp]
[rtptoga.store/assets/img/HB/109.webp]
[rtptoga.store/assets/img/HB/110.webp]
[rtptoga.store/assets/img/HB/111.webp]
[rtptoga.store/assets/img/HB/112.webp]
[rtptoga.store/assets/img/HB/113.webp]
[rtptoga.store/assets/img/HB/114.webp]
[rtptoga.store/assets/img/HB/115.webp]
[rtptoga.store/assets/img/HB/116.webp]
[rtptoga.store/assets/img/HB/117.webp]
[rtptoga.store/assets/img/HB/118.webp]
[rtptoga.store/assets/img/HB/119.webp]
[rtptoga.store/assets/img/HB/120.webp]
[rtptoga.store/assets/img/HB/121.webp]
[rtptoga.store/assets/img/HB/122.webp]
[rtptoga.store/assets/img/HB/123.webp]
[rtptoga.store/assets/img/HB/124.webp]
[rtptoga.store/assets/img/HB/125.webp]
[rtptoga.store/assets/img/HB/189.webp]
[rtptoga.store/assets/img/HB/190.webp]
[rtptoga.store/assets/img/HB/1.webp]
[rtptoga.store/assets/img/HB/2.webp]
[rtptoga.store/assets/img/HB/3.webp]
[rtptoga.store/assets/img/HB/126.webp]
[rtptoga.store/assets/img/HB/127.webp]
[rtptoga.store/assets/img/HB/128.webp]
[rtptoga.store/assets/img/HB/129.webp]
[rtptoga.store/assets/img/HB/130.webp]
[rtptoga.store/assets/img/HB/131.webp]
[rtptoga.store/assets/img/HB/132.webp]
[rtptoga.store/assets/img/HB/133.webp]
[rtptoga.store/assets/img/HB/134.webp]
[rtptoga.store/assets/img/HB/135.webp]
[rtptoga.store/assets/img/HB/136.webp]
[rtptoga.store/assets/img/HB/137.webp]
[rtptoga.store/assets/img/HB/138.webp]
[rtptoga.store/assets/img/HB/139.webp]
[rtptoga.store/assets/img/HB/140.webp]
[rtptoga.store/assets/img/HB/141.webp]
[rtptoga.store/assets/img/HB/142.webp]
[rtptoga.store/assets/img/HB/143.webp]
[rtptoga.store/assets/img/HB/144.webp]
[rtptoga.store/assets/img/HB/145.webp]
[rtptoga.store/assets/img/HB/146.webp]
[rtptoga.store/assets/img/HB/147.webp]
[rtptoga.store/assets/img/HB/148.webp]
[rtptoga.store/assets/img/HB/149.webp]
[rtptoga.store/assets/img/HB/150.webp]
[rtptoga.store/assets/img/HB/151.webp]
[rtptoga.store/assets/img/HB/152.webp]
[rtptoga.store/assets/img/HB/153.webp]
[rtptoga.store/assets/img/HB/154.webp]
[rtptoga.store/assets/img/HB/155.webp]
[rtptoga.store/assets/img/HB/156.webp]
[rtptoga.store/assets/img/HB/157.webp]
[rtptoga.store/assets/img/HB/158.webp]
[rtptoga.store/assets/img/HB/159.webp]
[rtptoga.store/assets/img/HB/160.webp]
[rtptoga.store/assets/img/HB/161.webp]
[rtptoga.store/assets/img/HB/162.webp]
[rtptoga.store/assets/img/HB/163.webp]
[rtptoga.store/assets/img/HB/164.webp]
[rtptoga.store/assets/img/HB/165.webp]
[rtptoga.store/assets/img/HB/166.webp]
[rtptoga.store/assets/img/HB/167.webp]
[rtptoga.store/assets/img/HB/168.webp]
[rtptoga.store/assets/img/HB/169.webp]
[rtptoga.store/assets/img/HB/170.webp]
[rtptoga.store/assets/img/HB/171.webp]
[rtptoga.store/assets/img/HB/172.webp]
[rtptoga.store/assets/img/HB/173.webp]
[rtptoga.store/assets/img/HB/174.webp]
[rtptoga.store/assets/img/HB/175.webp]
[rtptoga.store/assets/img/HB/176.webp]
[rtptoga.store/assets/img/HB/177.webp]
[rtptoga.store/assets/img/HB/178.webp]
[rtptoga.store/assets/img/HB/179.webp]
[rtptoga.store/assets/img/HB/180.webp]
[rtptoga.store/assets/img/HB/181.webp]
[rtptoga.store/assets/img/HB/182.webp]
[rtptoga.store/assets/img/HB/183.webp]
[rtptoga.store/assets/img/HB/184.webp]
[rtptoga.store/assets/img/HB/185.webp]
[rtptoga.store/assets/img/HB/186.webp]
[rtptoga.store/assets/img/HB/187.webp]
[rtptoga.store/assets/img/HB/188.webp]
[rtptoga.store/assets/js/habanero.js]
[rtptoga.store/Habanero.html]
[rtptoga.store/assets/js/habanero1.js]
[rtptoga.store/assets/img/MG/330.webp]
[rtptoga.store/assets/img/MG/331.webp]
[rtptoga.store/assets/img/MG/332.webp]
[rtptoga.store/assets/img/MG/333.webp]
[rtptoga.store/assets/img/MG/334.webp]
[rtptoga.store/assets/img/MG/335.webp]
[rtptoga.store/assets/img/MG/336.webp]
[rtptoga.store/assets/img/MG/337.webp]
[rtptoga.store/assets/img/MG/338.webp]
[rtptoga.store/assets/img/MG/325.webp]
[rtptoga.store/assets/img/MG/326.webp]
[rtptoga.store/assets/img/MG/327.webp]
[rtptoga.store/assets/img/MG/328.webp]
[rtptoga.store/assets/img/MG/329.webp]
[rtptoga.store/assets/img/MG/324.webp]
[rtptoga.store/assets/img/MG/323.webp]
[rtptoga.store/assets/img/MG/321.webp]
[rtptoga.store/assets/img/MG/319.webp]
[rtptoga.store/assets/img/MG/320.webp]
[rtptoga.store/assets/img/MG/1.webp]
[rtptoga.store/assets/img/MG/2.webp]
[rtptoga.store/assets/img/MG/3.webp]
[rtptoga.store/assets/img/MG/4.webp]
[rtptoga.store/assets/img/MG/5.webp]
[rtptoga.store/assets/img/MG/6.webp]
[rtptoga.store/assets/img/MG/7.webp]
[rtptoga.store/assets/img/MG/8.webp]
[rtptoga.store/assets/img/MG/9.webp]
[rtptoga.store/assets/img/MG/10.webp]
[rtptoga.store/assets/img/MG/11.webp]
[rtptoga.store/assets/img/MG/12.webp]
[rtptoga.store/assets/img/MG/13.webp]
[rtptoga.store/assets/img/MG/14.webp]
[rtptoga.store/assets/img/MG/15.webp]
[rtptoga.store/assets/img/MG/16.webp]
[rtptoga.store/assets/img/MG/17.webp]
[rtptoga.store/assets/img/MG/18.webp]
[rtptoga.store/assets/img/MG/19.webp]
[rtptoga.store/assets/img/MG/20.webp]
[rtptoga.store/assets/img/MG/21.webp]
[rtptoga.store/assets/img/MG/22.webp]
[rtptoga.store/assets/img/MG/23.webp]
[rtptoga.store/assets/img/MG/24.webp]
[rtptoga.store/assets/img/MG/25.webp]
[rtptoga.store/assets/img/MG/26.webp]
[rtptoga.store/assets/img/MG/27.webp]
[rtptoga.store/assets/img/MG/28.webp]
[rtptoga.store/assets/img/MG/29.webp]
[rtptoga.store/assets/img/MG/30.webp]
[rtptoga.store/assets/img/MG/31.webp]
[rtptoga.store/assets/img/MG/32.webp]
[rtptoga.store/assets/img/MG/33.webp]
[rtptoga.store/assets/img/MG/34.webp]
[rtptoga.store/assets/img/MG/35.webp]
[rtptoga.store/assets/img/MG/36.webp]
[rtptoga.store/assets/img/MG/37.webp]
[rtptoga.store/assets/img/MG/38.webp]
[rtptoga.store/assets/img/MG/39.webp]
[rtptoga.store/assets/img/MG/40.webp]
[rtptoga.store/assets/img/MG/41.webp]
[rtptoga.store/assets/img/MG/42.webp]
[rtptoga.store/assets/img/MG/43.webp]
[rtptoga.store/assets/img/MG/44.webp]
[rtptoga.store/assets/img/MG/45.webp]
[rtptoga.store/assets/img/MG/46.webp]
[rtptoga.store/assets/img/MG/47.webp]
[rtptoga.store/assets/img/MG/48.webp]
[rtptoga.store/assets/img/MG/49.webp]
[rtptoga.store/assets/img/MG/50.webp]
[rtptoga.store/assets/img/MG/51.webp]
[rtptoga.store/assets/img/MG/52.webp]
[rtptoga.store/assets/img/MG/53.webp]
[rtptoga.store/assets/img/MG/54.webp]
[rtptoga.store/assets/img/MG/55.webp]
[rtptoga.store/assets/img/MG/56.webp]
[rtptoga.store/assets/img/MG/57.webp]
[rtptoga.store/assets/img/MG/58.webp]
[rtptoga.store/assets/img/MG/59.webp]
[rtptoga.store/assets/img/MG/60.webp]
[rtptoga.store/assets/img/MG/61.webp]
[rtptoga.store/assets/img/MG/62.webp]
[rtptoga.store/assets/img/MG/63.webp]
[rtptoga.store/assets/img/MG/64.webp]
[rtptoga.store/assets/img/MG/65.webp]
[rtptoga.store/assets/img/MG/66.webp]
[rtptoga.store/assets/img/MG/67.webp]
[rtptoga.store/assets/img/MG/68.webp]
[rtptoga.store/assets/img/MG/69.webp]
[rtptoga.store/assets/img/MG/70.webp]
[rtptoga.store/assets/img/MG/71.webp]
[rtptoga.store/assets/img/MG/72.webp]
[rtptoga.store/assets/img/MG/73.webp]
[rtptoga.store/assets/img/MG/74.webp]
[rtptoga.store/assets/img/MG/75.webp]
[rtptoga.store/assets/img/MG/76.webp]
[rtptoga.store/assets/img/MG/77.webp]
[rtptoga.store/assets/img/MG/78.webp]
[rtptoga.store/assets/img/MG/79.webp]
[rtptoga.store/assets/img/MG/80.webp]
[rtptoga.store/assets/img/MG/81.webp]
[rtptoga.store/assets/img/MG/82.webp]
[rtptoga.store/assets/img/MG/83.webp]
[rtptoga.store/assets/img/MG/84.webp]
[rtptoga.store/assets/img/MG/85.webp]
[rtptoga.store/assets/img/MG/86.webp]
[rtptoga.store/assets/img/MG/87.webp]
[rtptoga.store/assets/img/MG/88.webp]
[rtptoga.store/assets/img/MG/89.webp]
[rtptoga.store/assets/img/MG/90.webp]
[rtptoga.store/assets/img/MG/91.webp]
[rtptoga.store/assets/img/MG/92.webp]
[rtptoga.store/assets/img/MG/93.webp]
[rtptoga.store/assets/img/MG/94.webp]
[rtptoga.store/assets/img/MG/95.webp]
[rtptoga.store/assets/img/MG/96.webp]
[rtptoga.store/assets/img/MG/97.webp]
[rtptoga.store/assets/img/MG/98.webp]
[rtptoga.store/assets/img/MG/99.webp]
[rtptoga.store/assets/img/MG/100.webp]
[rtptoga.store/assets/img/MG/101.webp]
[rtptoga.store/assets/img/MG/102.webp]
[rtptoga.store/assets/img/MG/103.webp]
[rtptoga.store/assets/img/MG/104.webp]
[rtptoga.store/assets/img/MG/105.webp]
[rtptoga.store/assets/img/MG/106.webp]
[rtptoga.store/assets/img/MG/107.webp]
[rtptoga.store/assets/img/MG/108.webp]
[rtptoga.store/assets/img/MG/109.webp]
[rtptoga.store/assets/img/MG/110.webp]
[rtptoga.store/assets/img/MG/111.webp]
[rtptoga.store/assets/img/MG/112.webp]
[rtptoga.store/assets/img/MG/113.webp]
[rtptoga.store/assets/img/MG/114.webp]
[rtptoga.store/assets/img/MG/115.webp]
[rtptoga.store/assets/img/MG/116.webp]
[rtptoga.store/assets/img/MG/117.webp]
[rtptoga.store/assets/img/MG/118.webp]
[rtptoga.store/assets/img/MG/119.webp]
[rtptoga.store/assets/img/MG/120.webp]
[rtptoga.store/assets/img/MG/121.webp]
[rtptoga.store/assets/img/MG/122.webp]
[rtptoga.store/assets/img/MG/123.webp]
[rtptoga.store/assets/img/MG/124.webp]
[rtptoga.store/assets/img/MG/125.webp]
[rtptoga.store/assets/img/MG/126.webp]
[rtptoga.store/assets/img/MG/127.webp]
[rtptoga.store/assets/img/MG/128.webp]
[rtptoga.store/assets/img/MG/129.webp]
[rtptoga.store/assets/img/MG/130.webp]
[rtptoga.store/assets/img/MG/131.webp]
[rtptoga.store/assets/img/MG/132.webp]
[rtptoga.store/assets/img/MG/133.webp]
[rtptoga.store/assets/img/MG/134.webp]
[rtptoga.store/assets/img/MG/135.webp]
[rtptoga.store/assets/img/MG/136.webp]
[rtptoga.store/assets/img/MG/137.webp]
[rtptoga.store/assets/img/MG/138.webp]
[rtptoga.store/assets/img/MG/139.webp]
[rtptoga.store/assets/img/MG/140.webp]
[rtptoga.store/assets/img/MG/141.webp]
[rtptoga.store/assets/img/MG/142.webp]
[rtptoga.store/assets/img/MG/143.webp]
[rtptoga.store/assets/img/MG/144.webp]
[rtptoga.store/assets/img/MG/145.webp]
[rtptoga.store/assets/img/MG/146.webp]
[rtptoga.store/assets/img/MG/147.webp]
[rtptoga.store/assets/img/MG/148.webp]
[rtptoga.store/assets/img/MG/149.webp]
[rtptoga.store/assets/img/MG/150.webp]
[rtptoga.store/assets/img/MG/151.webp]
[rtptoga.store/assets/img/MG/152.webp]
[rtptoga.store/assets/img/MG/153.webp]
[rtptoga.store/assets/img/MG/154.webp]
[rtptoga.store/assets/img/MG/155.webp]
[rtptoga.store/assets/img/MG/156.webp]
[rtptoga.store/assets/img/MG/157.webp]
[rtptoga.store/assets/img/MG/158.webp]
[rtptoga.store/assets/img/MG/159.webp]
[rtptoga.store/assets/img/MG/160.webp]
[rtptoga.store/assets/img/MG/161.webp]
[rtptoga.store/assets/img/MG/162.webp]
[rtptoga.store/assets/img/MG/163.webp]
[rtptoga.store/assets/img/MG/164.webp]
[rtptoga.store/assets/img/MG/165.webp]
[rtptoga.store/assets/img/MG/166.webp]
[rtptoga.store/assets/img/MG/167.webp]
[rtptoga.store/assets/img/MG/168.webp]
[rtptoga.store/assets/img/MG/169.webp]
[rtptoga.store/assets/img/MG/170.webp]
[rtptoga.store/assets/img/MG/171.webp]
[rtptoga.store/assets/img/MG/172.webp]
[rtptoga.store/assets/img/MG/173.webp]
[rtptoga.store/assets/img/MG/174.webp]
[rtptoga.store/assets/img/MG/175.webp]
[rtptoga.store/assets/img/MG/176.webp]
[rtptoga.store/assets/img/MG/177.webp]
[rtptoga.store/assets/img/MG/178.webp]
[rtptoga.store/assets/img/MG/179.webp]
[rtptoga.store/assets/img/MG/180.webp]
[rtptoga.store/assets/img/MG/181.webp]
[rtptoga.store/assets/img/MG/182.webp]
[rtptoga.store/assets/img/MG/183.webp]
[rtptoga.store/assets/img/MG/184.webp]
[rtptoga.store/assets/img/MG/185.webp]
[rtptoga.store/assets/img/MG/186.webp]
[rtptoga.store/assets/img/MG/187.webp]
[rtptoga.store/assets/img/MG/188.webp]
[rtptoga.store/assets/img/MG/189.webp]
[rtptoga.store/assets/img/MG/190.webp]
[rtptoga.store/assets/img/MG/191.webp]
[rtptoga.store/assets/img/MG/192.webp]
[rtptoga.store/assets/img/MG/193.webp]
[rtptoga.store/assets/img/MG/194.webp]
[rtptoga.store/assets/img/MG/195.webp]
[rtptoga.store/assets/img/MG/196.webp]
[rtptoga.store/assets/img/MG/197.webp]
[rtptoga.store/assets/img/MG/198.webp]
[rtptoga.store/assets/img/MG/199.webp]
[rtptoga.store/assets/img/MG/200.webp]
[rtptoga.store/assets/img/MG/201.webp]
[rtptoga.store/assets/img/MG/202.webp]
[rtptoga.store/assets/img/MG/203.webp]
[rtptoga.store/assets/img/MG/204.webp]
[rtptoga.store/assets/img/MG/205.webp]
[rtptoga.store/assets/img/MG/206.webp]
[rtptoga.store/assets/img/MG/207.webp]
[rtptoga.store/assets/img/MG/208.webp]
[rtptoga.store/assets/img/MG/209.webp]
[rtptoga.store/assets/img/MG/210.webp]
[rtptoga.store/assets/img/MG/211.webp]
[rtptoga.store/assets/img/MG/212.webp]
[rtptoga.store/assets/img/MG/213.webp]
[rtptoga.store/assets/img/MG/214.webp]
[rtptoga.store/assets/img/MG/215.webp]
[rtptoga.store/assets/img/MG/216.webp]
[rtptoga.store/assets/img/MG/217.webp]
[rtptoga.store/assets/img/MG/218.webp]
[rtptoga.store/assets/img/MG/219.webp]
[rtptoga.store/assets/img/MG/220.webp]
[rtptoga.store/assets/img/MG/221.webp]
[rtptoga.store/assets/img/MG/222.webp]
[rtptoga.store/assets/img/MG/223.webp]
[rtptoga.store/assets/img/MG/224.webp]
[rtptoga.store/assets/img/MG/225.webp]
[rtptoga.store/assets/img/MG/226.webp]
[rtptoga.store/assets/img/MG/227.webp]
[rtptoga.store/assets/img/MG/228.webp]
[rtptoga.store/assets/img/MG/229.webp]
[rtptoga.store/assets/img/MG/230.webp]
[rtptoga.store/assets/img/MG/231.webp]
[rtptoga.store/assets/img/MG/232.webp]
[rtptoga.store/assets/img/MG/233.webp]
[rtptoga.store/assets/img/MG/234.webp]
[rtptoga.store/assets/img/MG/235.webp]
[rtptoga.store/assets/img/MG/236.webp]
[rtptoga.store/assets/img/MG/237.webp]
[rtptoga.store/assets/img/MG/238.webp]
[rtptoga.store/assets/img/MG/239.webp]
[rtptoga.store/assets/img/MG/240.webp]
[rtptoga.store/assets/img/MG/241.webp]
[rtptoga.store/assets/img/MG/242.webp]
[rtptoga.store/assets/img/MG/243.webp]
[rtptoga.store/assets/img/MG/244.webp]
[rtptoga.store/assets/img/MG/245.webp]
[rtptoga.store/assets/img/MG/246.webp]
[rtptoga.store/assets/img/MG/247.webp]
[rtptoga.store/assets/img/MG/248.webp]
[rtptoga.store/assets/img/MG/249.webp]
[rtptoga.store/assets/img/MG/250.webp]
[rtptoga.store/assets/img/MG/251.webp]
[rtptoga.store/assets/img/MG/252.webp]
[rtptoga.store/assets/img/MG/253.webp]
[rtptoga.store/assets/img/MG/254.webp]
[rtptoga.store/assets/img/MG/255.webp]
[rtptoga.store/assets/img/MG/256.webp]
[rtptoga.store/assets/img/MG/257.webp]
[rtptoga.store/assets/img/MG/258.webp]
[rtptoga.store/assets/img/MG/259.webp]
[rtptoga.store/assets/img/MG/260.webp]
[rtptoga.store/assets/img/MG/261.webp]
[rtptoga.store/assets/img/MG/262.webp]
[rtptoga.store/assets/img/MG/263.webp]
[rtptoga.store/assets/img/MG/264.webp]
[rtptoga.store/assets/img/MG/265.webp]
[rtptoga.store/assets/img/MG/266.webp]
[rtptoga.store/assets/img/MG/267.webp]
[rtptoga.store/assets/img/MG/268.webp]
[rtptoga.store/assets/img/MG/269.webp]
[rtptoga.store/assets/img/MG/270.webp]
[rtptoga.store/assets/img/MG/271.webp]
[rtptoga.store/assets/img/MG/272.webp]
[rtptoga.store/assets/img/MG/273.webp]
[rtptoga.store/assets/img/MG/274.webp]
[rtptoga.store/assets/img/MG/275.webp]
[rtptoga.store/assets/img/MG/276.webp]
[rtptoga.store/assets/img/MG/277.webp]
[rtptoga.store/assets/img/MG/278.webp]
[rtptoga.store/assets/img/MG/279.webp]
[rtptoga.store/assets/img/MG/280.webp]
[rtptoga.store/assets/img/MG/281.webp]
[rtptoga.store/assets/img/MG/282.webp]
[rtptoga.store/assets/img/MG/283.webp]
[rtptoga.store/assets/img/MG/284.webp]
[rtptoga.store/assets/img/MG/285.webp]
[rtptoga.store/assets/img/MG/286.webp]
[rtptoga.store/assets/img/MG/287.webp]
[rtptoga.store/assets/img/MG/288.webp]
[rtptoga.store/assets/img/MG/289.webp]
[rtptoga.store/assets/img/MG/290.webp]
[rtptoga.store/assets/img/MG/291.webp]
[rtptoga.store/assets/img/MG/292.webp]
[rtptoga.store/assets/img/MG/293.webp]
[rtptoga.store/assets/img/MG/294.webp]
[rtptoga.store/assets/img/MG/295.webp]
[rtptoga.store/assets/img/MG/296.webp]
[rtptoga.store/assets/img/MG/297.webp]
[rtptoga.store/assets/img/MG/298.webp]
[rtptoga.store/assets/img/MG/299.webp]
[rtptoga.store/assets/img/MG/300.webp]
[rtptoga.store/assets/img/MG/301.webp]
[rtptoga.store/assets/img/MG/302.webp]
[rtptoga.store/assets/img/MG/303.webp]
[rtptoga.store/assets/img/MG/304.webp]
[rtptoga.store/assets/img/MG/305.webp]
[rtptoga.store/assets/img/MG/306.webp]
[rtptoga.store/assets/img/MG/307.webp]
[rtptoga.store/assets/img/MG/308.webp]
[rtptoga.store/assets/img/MG/309.webp]
[rtptoga.store/assets/img/MG/310.webp]
[rtptoga.store/assets/img/MG/311.webp]
[rtptoga.store/assets/img/MG/312.webp]
[rtptoga.store/assets/img/MG/313.webp]
[rtptoga.store/assets/img/MG/314.webp]
[rtptoga.store/assets/img/MG/315.webp]
[rtptoga.store/assets/img/MG/316.webp]
[rtptoga.store/assets/img/MG/317.webp]
[rtptoga.store/assets/img/MG/318.webp]
[rtptoga.store/assets/img/MG/322.webp]
[rtptoga.store/assets/js/Microgaming.js]
[rtptoga.store/assets/js/microgaming1.js]
[rtptoga.store/MicroGaming.html]
[rtptoga.store/assets/img/TTG/106.webp]
[rtptoga.store/assets/img/TTG/104.webp]
[rtptoga.store/assets/img/TTG/105.webp]
[rtptoga.store/assets/img/TTG/4.webp]
[rtptoga.store/assets/img/TTG/5.webp]
[rtptoga.store/assets/img/TTG/6.webp]
[rtptoga.store/assets/img/TTG/7.webp]
[rtptoga.store/assets/img/TTG/8.webp]
[rtptoga.store/assets/img/TTG/9.webp]
[rtptoga.store/assets/img/TTG/10.webp]
[rtptoga.store/assets/img/TTG/11.webp]
[rtptoga.store/assets/img/TTG/12.webp]
[rtptoga.store/assets/img/TTG/13.webp]
[rtptoga.store/assets/img/TTG/14.webp]
[rtptoga.store/assets/img/TTG/15.webp]
[rtptoga.store/assets/img/TTG/16.webp]
[rtptoga.store/assets/img/TTG/17.webp]
[rtptoga.store/assets/img/TTG/18.webp]
[rtptoga.store/assets/img/TTG/19.webp]
[rtptoga.store/assets/img/TTG/20.webp]
[rtptoga.store/assets/img/TTG/21.webp]
[rtptoga.store/assets/img/TTG/22.webp]
[rtptoga.store/assets/img/TTG/23.webp]
[rtptoga.store/assets/img/TTG/24.webp]
[rtptoga.store/assets/img/TTG/25.webp]
[rtptoga.store/assets/img/TTG/26.webp]
[rtptoga.store/assets/img/TTG/27.webp]
[rtptoga.store/assets/img/TTG/28.webp]
[rtptoga.store/assets/img/TTG/29.webp]
[rtptoga.store/assets/img/TTG/30.webp]
[rtptoga.store/assets/img/TTG/31.webp]
[rtptoga.store/assets/img/TTG/32.webp]
[rtptoga.store/assets/img/TTG/33.webp]
[rtptoga.store/assets/img/TTG/34.webp]
[rtptoga.store/assets/img/TTG/35.webp]
[rtptoga.store/assets/img/TTG/36.webp]
[rtptoga.store/assets/img/TTG/37.webp]
[rtptoga.store/assets/img/TTG/38.webp]
[rtptoga.store/assets/img/TTG/39.webp]
[rtptoga.store/assets/img/TTG/40.webp]
[rtptoga.store/assets/img/TTG/41.webp]
[rtptoga.store/assets/img/TTG/42.webp]
[rtptoga.store/assets/img/TTG/43.webp]
[rtptoga.store/assets/img/TTG/44.webp]
[rtptoga.store/assets/img/TTG/45.webp]
[rtptoga.store/assets/img/TTG/46.webp]
[rtptoga.store/assets/img/TTG/47.webp]
[rtptoga.store/assets/img/TTG/48.webp]
[rtptoga.store/assets/img/TTG/49.webp]
[rtptoga.store/assets/img/TTG/50.webp]
[rtptoga.store/assets/img/TTG/51.webp]
[rtptoga.store/assets/img/TTG/52.webp]
[rtptoga.store/assets/img/TTG/53.webp]
[rtptoga.store/assets/img/TTG/54.webp]
[rtptoga.store/assets/img/TTG/55.webp]
[rtptoga.store/assets/img/TTG/56.webp]
[rtptoga.store/assets/img/TTG/57.webp]
[rtptoga.store/assets/img/TTG/58.webp]
[rtptoga.store/assets/img/TTG/59.webp]
[rtptoga.store/assets/img/TTG/60.webp]
[rtptoga.store/assets/img/TTG/61.webp]
[rtptoga.store/assets/img/TTG/62.webp]
[rtptoga.store/assets/img/TTG/63.webp]
[rtptoga.store/assets/img/TTG/64.webp]
[rtptoga.store/assets/img/TTG/65.webp]
[rtptoga.store/assets/img/TTG/66.webp]
[rtptoga.store/assets/img/TTG/67.webp]
[rtptoga.store/assets/img/TTG/68.webp]
[rtptoga.store/assets/img/TTG/69.webp]
[rtptoga.store/assets/img/TTG/70.webp]
[rtptoga.store/assets/img/TTG/71.webp]
[rtptoga.store/assets/img/TTG/72.webp]
[rtptoga.store/assets/img/TTG/73.webp]
[rtptoga.store/assets/img/TTG/74.webp]
[rtptoga.store/assets/img/TTG/75.webp]
[rtptoga.store/assets/img/TTG/76.webp]
[rtptoga.store/assets/img/TTG/77.webp]
[rtptoga.store/assets/img/TTG/78.webp]
[rtptoga.store/assets/img/TTG/79.webp]
[rtptoga.store/assets/img/TTG/80.webp]
[rtptoga.store/assets/img/TTG/81.webp]
[rtptoga.store/assets/img/TTG/82.webp]
[rtptoga.store/assets/img/TTG/83.webp]
[rtptoga.store/assets/img/TTG/84.webp]
[rtptoga.store/assets/img/TTG/85.webp]
[rtptoga.store/assets/img/TTG/86.webp]
[rtptoga.store/assets/img/TTG/87.webp]
[rtptoga.store/assets/img/TTG/88.webp]
[rtptoga.store/assets/img/TTG/89.webp]
[rtptoga.store/assets/img/TTG/90.webp]
[rtptoga.store/assets/img/TTG/91.webp]
[rtptoga.store/assets/img/TTG/92.webp]
[rtptoga.store/assets/img/TTG/93.webp]
[rtptoga.store/assets/img/TTG/94.webp]
[rtptoga.store/assets/img/TTG/95.webp]
[rtptoga.store/assets/img/TTG/96.webp]
[rtptoga.store/assets/img/TTG/97.webp]
[rtptoga.store/assets/img/TTG/100.webp]
[rtptoga.store/assets/img/TTG/101.webp]
[rtptoga.store/assets/img/TTG/1.webp]
[rtptoga.store/assets/img/TTG/2.webp]
[rtptoga.store/assets/img/TTG/3.webp]
[rtptoga.store/assets/img/TTG/98.webp]
[rtptoga.store/assets/img/TTG/102.webp]
[rtptoga.store/assets/img/TTG/103.webp]
[rtptoga.store/assets/img/TTG/99.webp]
[rtptoga.store/assets/js/TTG.js]
[rtptoga.store/TTG.html]
[rtptoga.store/assets/js/ttg1.js]
[rtptoga.store/assets/img/SG/91.webp]
[rtptoga.store/assets/img/SG/92.webp]
[rtptoga.store/assets/img/SG/93.webp]
[rtptoga.store/assets/img/SG/89.webp]
[rtptoga.store/assets/img/SG/90.webp]
[rtptoga.store/assets/img/SG/88.webp]
[rtptoga.store/assets/img/SG/4.webp]
[rtptoga.store/assets/img/SG/5.webp]
[rtptoga.store/assets/img/SG/6.webp]
[rtptoga.store/assets/img/SG/7.webp]
[rtptoga.store/assets/img/SG/8.webp]
[rtptoga.store/assets/img/SG/9.webp]
[rtptoga.store/assets/img/SG/10.webp]
[rtptoga.store/assets/img/SG/11.webp]
[rtptoga.store/assets/img/SG/12.webp]
[rtptoga.store/assets/img/SG/13.webp]
[rtptoga.store/assets/img/SG/14.webp]
[rtptoga.store/assets/img/SG/15.webp]
[rtptoga.store/assets/img/SG/16.webp]
[rtptoga.store/assets/img/SG/17.webp]
[rtptoga.store/assets/img/SG/18.webp]
[rtptoga.store/assets/img/SG/19.webp]
[rtptoga.store/assets/img/SG/20.webp]
[rtptoga.store/assets/img/SG/21.webp]
[rtptoga.store/assets/img/SG/22.webp]
[rtptoga.store/assets/img/SG/23.webp]
[rtptoga.store/assets/img/SG/24.webp]
[rtptoga.store/assets/img/SG/25.webp]
[rtptoga.store/assets/img/SG/26.webp]
[rtptoga.store/assets/img/SG/27.webp]
[rtptoga.store/assets/img/SG/28.webp]
[rtptoga.store/assets/img/SG/29.webp]
[rtptoga.store/assets/img/SG/30.webp]
[rtptoga.store/assets/img/SG/31.webp]
[rtptoga.store/assets/img/SG/32.webp]
[rtptoga.store/assets/img/SG/33.webp]
[rtptoga.store/assets/img/SG/34.webp]
[rtptoga.store/assets/img/SG/35.webp]
[rtptoga.store/assets/img/SG/36.webp]
[rtptoga.store/assets/img/SG/37.webp]
[rtptoga.store/assets/img/SG/38.webp]
[rtptoga.store/assets/img/SG/39.webp]
[rtptoga.store/assets/img/SG/40.webp]
[rtptoga.store/assets/img/SG/41.webp]
[rtptoga.store/assets/img/SG/42.webp]
[rtptoga.store/assets/img/SG/43.webp]
[rtptoga.store/assets/img/SG/44.webp]
[rtptoga.store/assets/img/SG/45.webp]
[rtptoga.store/assets/img/SG/46.webp]
[rtptoga.store/assets/img/SG/47.webp]
[rtptoga.store/assets/img/SG/48.webp]
[rtptoga.store/assets/img/SG/49.webp]
[rtptoga.store/assets/img/SG/50.webp]
[rtptoga.store/assets/img/SG/51.webp]
[rtptoga.store/assets/img/SG/52.webp]
[rtptoga.store/assets/img/SG/53.webp]
[rtptoga.store/assets/img/SG/54.webp]
[rtptoga.store/assets/img/SG/55.webp]
[rtptoga.store/assets/img/SG/56.webp]
[rtptoga.store/assets/img/SG/57.webp]
[rtptoga.store/assets/img/SG/58.webp]
[rtptoga.store/assets/img/SG/59.webp]
[rtptoga.store/assets/img/SG/60.webp]
[rtptoga.store/assets/img/SG/61.webp]
[rtptoga.store/assets/img/SG/62.webp]
[rtptoga.store/assets/img/SG/63.webp]
[rtptoga.store/assets/img/SG/64.webp]
[rtptoga.store/assets/img/SG/65.webp]
[rtptoga.store/assets/img/SG/66.webp]
[rtptoga.store/assets/img/SG/67.webp]
[rtptoga.store/assets/img/SG/68.webp]
[rtptoga.store/assets/img/SG/69.webp]
[rtptoga.store/assets/img/SG/70.webp]
[rtptoga.store/assets/img/SG/71.webp]
[rtptoga.store/assets/img/SG/72.webp]
[rtptoga.store/assets/img/SG/73.webp]
[rtptoga.store/assets/img/SG/74.webp]
[rtptoga.store/assets/img/SG/75.webp]
[rtptoga.store/assets/img/SG/76.webp]
[rtptoga.store/assets/img/SG/77.webp]
[rtptoga.store/assets/img/SG/78.webp]
[rtptoga.store/assets/img/SG/79.webp]
[rtptoga.store/assets/img/SG/80.webp]
[rtptoga.store/assets/img/SG/85.webp]
[rtptoga.store/assets/img/SG/81.webp]
[rtptoga.store/assets/img/SG/82.webp]
[rtptoga.store/assets/img/SG/83.webp]
[rtptoga.store/assets/img/SG/1.webp]
[rtptoga.store/assets/img/SG/2.webp]
[rtptoga.store/assets/img/SG/3.webp]
[rtptoga.store/assets/img/SG/84.webp]
[rtptoga.store/assets/img/SG/86.webp]
[rtptoga.store/assets/img/SG/87.webp]
[rtptoga.store/assets/js/SG.js]
[rtptoga.store/SG.html]
[rtptoga.store/assets/js/sg1.js]
[rtptoga.store/assets/img/CQ9/174.webp]
[rtptoga.store/assets/img/CQ9/172.webp]
[rtptoga.store/assets/img/CQ9/173.webp]
[rtptoga.store/assets/img/CQ9/4.webp]
[rtptoga.store/assets/img/CQ9/5.webp]
[rtptoga.store/assets/img/CQ9/6.webp]
[rtptoga.store/assets/img/CQ9/7.webp]
[rtptoga.store/assets/img/CQ9/8.webp]
[rtptoga.store/assets/img/CQ9/9.webp]
[rtptoga.store/assets/img/CQ9/10.webp]
[rtptoga.store/assets/img/CQ9/11.webp]
[rtptoga.store/assets/img/CQ9/12.webp]
[rtptoga.store/assets/img/CQ9/13.webp]
[rtptoga.store/assets/img/CQ9/14.webp]
[rtptoga.store/assets/img/CQ9/15.webp]
[rtptoga.store/assets/img/CQ9/16.webp]
[rtptoga.store/assets/img/CQ9/17.webp]
[rtptoga.store/assets/img/CQ9/18.webp]
[rtptoga.store/assets/img/CQ9/19.webp]
[rtptoga.store/assets/img/CQ9/20.webp]
[rtptoga.store/assets/img/CQ9/21.webp]
[rtptoga.store/assets/img/CQ9/22.webp]
[rtptoga.store/assets/img/CQ9/23.webp]
[rtptoga.store/assets/img/CQ9/24.webp]
[rtptoga.store/assets/img/CQ9/25.webp]
[rtptoga.store/assets/img/CQ9/26.webp]
[rtptoga.store/assets/img/CQ9/27.webp]
[rtptoga.store/assets/img/CQ9/28.webp]
[rtptoga.store/assets/img/CQ9/29.webp]
[rtptoga.store/assets/img/CQ9/30.webp]
[rtptoga.store/assets/img/CQ9/31.webp]
[rtptoga.store/assets/img/CQ9/32.webp]
[rtptoga.store/assets/img/CQ9/33.webp]
[rtptoga.store/assets/img/CQ9/34.webp]
[rtptoga.store/assets/img/CQ9/35.webp]
[rtptoga.store/assets/img/CQ9/36.webp]
[rtptoga.store/assets/img/CQ9/37.webp]
[rtptoga.store/assets/img/CQ9/38.webp]
[rtptoga.store/assets/img/CQ9/39.webp]
[rtptoga.store/assets/img/CQ9/40.webp]
[rtptoga.store/assets/img/CQ9/41.webp]
[rtptoga.store/assets/img/CQ9/42.webp]
[rtptoga.store/assets/img/CQ9/43.webp]
[rtptoga.store/assets/img/CQ9/44.webp]
[rtptoga.store/assets/img/CQ9/45.webp]
[rtptoga.store/assets/img/CQ9/46.webp]
[rtptoga.store/assets/img/CQ9/47.webp]
[rtptoga.store/assets/img/CQ9/48.webp]
[rtptoga.store/assets/img/CQ9/49.webp]
[rtptoga.store/assets/img/CQ9/50.webp]
[rtptoga.store/assets/img/CQ9/51.webp]
[rtptoga.store/assets/img/CQ9/52.webp]
[rtptoga.store/assets/img/CQ9/53.webp]
[rtptoga.store/assets/img/CQ9/54.webp]
[rtptoga.store/assets/img/CQ9/55.webp]
[rtptoga.store/assets/img/CQ9/56.webp]
[rtptoga.store/assets/img/CQ9/57.webp]
[rtptoga.store/assets/img/CQ9/58.webp]
[rtptoga.store/assets/img/CQ9/59.webp]
[rtptoga.store/assets/img/CQ9/60.webp]
[rtptoga.store/assets/img/CQ9/61.webp]
[rtptoga.store/assets/img/CQ9/62.webp]
[rtptoga.store/assets/img/CQ9/63.webp]
[rtptoga.store/assets/img/CQ9/64.webp]
[rtptoga.store/assets/img/CQ9/65.webp]
[rtptoga.store/assets/img/CQ9/66.webp]
[rtptoga.store/assets/img/CQ9/67.webp]
[rtptoga.store/assets/img/CQ9/68.webp]
[rtptoga.store/assets/img/CQ9/69.webp]
[rtptoga.store/assets/img/CQ9/70.webp]
[rtptoga.store/assets/img/CQ9/71.webp]
[rtptoga.store/assets/img/CQ9/72.webp]
[rtptoga.store/assets/img/CQ9/73.webp]
[rtptoga.store/assets/img/CQ9/74.webp]
[rtptoga.store/assets/img/CQ9/75.webp]
[rtptoga.store/assets/img/CQ9/76.webp]
[rtptoga.store/assets/img/CQ9/77.webp]
[rtptoga.store/assets/img/CQ9/78.webp]
[rtptoga.store/assets/img/CQ9/79.webp]
[rtptoga.store/assets/img/CQ9/80.webp]
[rtptoga.store/assets/img/CQ9/81.webp]
[rtptoga.store/assets/img/CQ9/82.webp]
[rtptoga.store/assets/img/CQ9/83.webp]
[rtptoga.store/assets/img/CQ9/84.webp]
[rtptoga.store/assets/img/CQ9/85.webp]
[rtptoga.store/assets/img/CQ9/86.webp]
[rtptoga.store/assets/img/CQ9/87.webp]
[rtptoga.store/assets/img/CQ9/88.webp]
[rtptoga.store/assets/img/CQ9/89.webp]
[rtptoga.store/assets/img/CQ9/90.webp]
[rtptoga.store/assets/img/CQ9/91.webp]
[rtptoga.store/assets/img/CQ9/92.webp]
[rtptoga.store/assets/img/CQ9/93.webp]
[rtptoga.store/assets/img/CQ9/94.webp]
[rtptoga.store/assets/img/CQ9/95.webp]
[rtptoga.store/assets/img/CQ9/96.webp]
[rtptoga.store/assets/img/CQ9/97.webp]
[rtptoga.store/assets/img/CQ9/98.webp]
[rtptoga.store/assets/img/CQ9/99.webp]
[rtptoga.store/assets/img/CQ9/100.webp]
[rtptoga.store/assets/img/CQ9/101.webp]
[rtptoga.store/assets/img/CQ9/102.webp]
[rtptoga.store/assets/img/CQ9/103.webp]
[rtptoga.store/assets/img/CQ9/104.webp]
[rtptoga.store/assets/img/CQ9/105.webp]
[rtptoga.store/assets/img/CQ9/106.webp]
[rtptoga.store/assets/img/CQ9/107.webp]
[rtptoga.store/assets/img/CQ9/108.webp]
[rtptoga.store/assets/img/CQ9/109.webp]
[rtptoga.store/assets/img/CQ9/110.webp]
[rtptoga.store/assets/img/CQ9/111.webp]
[rtptoga.store/assets/img/CQ9/112.webp]
[rtptoga.store/assets/img/CQ9/113.webp]
[rtptoga.store/assets/img/CQ9/114.webp]
[rtptoga.store/assets/img/CQ9/115.webp]
[rtptoga.store/assets/img/CQ9/116.webp]
[rtptoga.store/assets/img/CQ9/117.webp]
[rtptoga.store/assets/img/CQ9/118.webp]
[rtptoga.store/assets/img/CQ9/119.webp]
[rtptoga.store/assets/img/CQ9/120.webp]
[rtptoga.store/assets/img/CQ9/121.webp]
[rtptoga.store/assets/img/CQ9/122.webp]
[rtptoga.store/assets/img/CQ9/123.webp]
[rtptoga.store/assets/img/CQ9/124.webp]
[rtptoga.store/assets/img/CQ9/125.webp]
[rtptoga.store/assets/img/CQ9/126.webp]
[rtptoga.store/assets/img/CQ9/127.webp]
[rtptoga.store/assets/img/CQ9/128.webp]
[rtptoga.store/assets/img/CQ9/129.webp]
[rtptoga.store/assets/img/CQ9/130.webp]
[rtptoga.store/assets/img/CQ9/131.webp]
[rtptoga.store/assets/img/CQ9/132.webp]
[rtptoga.store/assets/img/CQ9/133.webp]
[rtptoga.store/assets/img/CQ9/134.webp]
[rtptoga.store/assets/img/CQ9/135.webp]
[rtptoga.store/assets/img/CQ9/136.webp]
[rtptoga.store/assets/img/CQ9/137.webp]
[rtptoga.store/assets/img/CQ9/138.webp]
[rtptoga.store/assets/img/CQ9/139.webp]
[rtptoga.store/assets/img/CQ9/140.webp]
[rtptoga.store/assets/img/CQ9/141.webp]
[rtptoga.store/assets/img/CQ9/142.webp]
[rtptoga.store/assets/img/CQ9/143.webp]
[rtptoga.store/assets/img/CQ9/144.webp]
[rtptoga.store/assets/img/CQ9/145.webp]
[rtptoga.store/assets/img/CQ9/146.webp]
[rtptoga.store/assets/img/CQ9/147.webp]
[rtptoga.store/assets/img/CQ9/148.webp]
[rtptoga.store/assets/img/CQ9/149.webp]
[rtptoga.store/assets/img/CQ9/150.webp]
[rtptoga.store/assets/img/CQ9/151.webp]
[rtptoga.store/assets/img/CQ9/152.webp]
[rtptoga.store/assets/img/CQ9/153.webp]
[rtptoga.store/assets/img/CQ9/154.webp]
[rtptoga.store/assets/img/CQ9/155.webp]
[rtptoga.store/assets/img/CQ9/156.webp]
[rtptoga.store/assets/img/CQ9/157.webp]
[rtptoga.store/assets/img/CQ9/158.webp]
[rtptoga.store/assets/img/CQ9/159.webp]
[rtptoga.store/assets/img/CQ9/160.webp]
[rtptoga.store/assets/img/CQ9/161.webp]
[rtptoga.store/assets/img/CQ9/162.webp]
[rtptoga.store/assets/img/CQ9/163.webp]
[rtptoga.store/assets/img/CQ9/164.webp]
[rtptoga.store/assets/img/CQ9/165.webp]
[rtptoga.store/assets/img/CQ9/166.webp]
[rtptoga.store/assets/img/CQ9/167.webp]
[rtptoga.store/assets/img/CQ9/168.webp]
[rtptoga.store/assets/img/CQ9/169.webp]
[rtptoga.store/assets/img/CQ9/170.webp]
[rtptoga.store/assets/img/CQ9/171.webp]
[rtptoga.store/assets/img/CQ9/1.webp]
[rtptoga.store/assets/img/CQ9/2.webp]
[rtptoga.store/assets/img/CQ9/3.webp]
[rtptoga.store/assets/js/cq91.js]
[rtptoga.store/CQ9.html]
[rtptoga.store/assets/js/CQ9.js]
[rtptoga.store/assets/img/JKR/1.webp]
[rtptoga.store/assets/img/JKR/2.webp]
[rtptoga.store/assets/img/JKR/3.webp]
[rtptoga.store/assets/img/JKR/4.webp]
[rtptoga.store/assets/img/JKR/5.webp]
[rtptoga.store/assets/img/JKR/6.webp]
[rtptoga.store/assets/img/JKR/7.webp]
[rtptoga.store/assets/img/JKR/8.webp]
[rtptoga.store/assets/img/JKR/9.webp]
[rtptoga.store/assets/img/JKR/10.webp]
[rtptoga.store/assets/img/JKR/11.webp]
[rtptoga.store/assets/img/JKR/12.webp]
[rtptoga.store/assets/img/JKR/13.webp]
[rtptoga.store/assets/img/JKR/14.webp]
[rtptoga.store/assets/img/JKR/15.webp]
[rtptoga.store/assets/img/JKR/16.webp]
[rtptoga.store/assets/img/JKR/17.webp]
[rtptoga.store/assets/img/JKR/18.webp]
[rtptoga.store/assets/img/JKR/19.webp]
[rtptoga.store/assets/img/JKR/20.webp]
[rtptoga.store/assets/img/JKR/21.webp]
[rtptoga.store/assets/img/JKR/22.webp]
[rtptoga.store/assets/img/JKR/23.webp]
[rtptoga.store/assets/img/JKR/24.webp]
[rtptoga.store/assets/img/JKR/25.webp]
[rtptoga.store/assets/img/JKR/26.webp]
[rtptoga.store/assets/img/JKR/27.webp]
[rtptoga.store/assets/img/JKR/28.webp]
[rtptoga.store/assets/img/JKR/29.webp]
[rtptoga.store/assets/img/JKR/30.webp]
[rtptoga.store/assets/img/JKR/31.webp]
[rtptoga.store/assets/img/JKR/32.webp]
[rtptoga.store/assets/img/JKR/33.webp]
[rtptoga.store/assets/img/JKR/34.webp]
[rtptoga.store/assets/img/JKR/35.webp]
[rtptoga.store/assets/img/JKR/36.webp]
[rtptoga.store/assets/img/JKR/37.webp]
[rtptoga.store/assets/img/JKR/38.webp]
[rtptoga.store/assets/img/JKR/39.webp]
[rtptoga.store/assets/img/JKR/40.webp]
[rtptoga.store/assets/img/JKR/41.webp]
[rtptoga.store/assets/img/JKR/42.webp]
[rtptoga.store/assets/img/JKR/43.webp]
[rtptoga.store/assets/img/JKR/44.webp]
[rtptoga.store/assets/img/JKR/45.webp]
[rtptoga.store/assets/img/JKR/46.webp]
[rtptoga.store/assets/img/JKR/47.webp]
[rtptoga.store/assets/img/JKR/48.webp]
[rtptoga.store/assets/img/JKR/49.webp]
[rtptoga.store/assets/img/JKR/50.webp]
[rtptoga.store/assets/img/JKR/51.webp]
[rtptoga.store/assets/img/JKR/52.webp]
[rtptoga.store/assets/img/JKR/53.webp]
[rtptoga.store/assets/img/JKR/54.webp]
[rtptoga.store/assets/img/JKR/55.webp]
[rtptoga.store/assets/img/JKR/56.webp]
[rtptoga.store/assets/img/JKR/57.webp]
[rtptoga.store/assets/img/JKR/58.webp]
[rtptoga.store/assets/img/JKR/59.webp]
[rtptoga.store/assets/img/JKR/60.webp]
[rtptoga.store/assets/img/JKR/61.webp]
[rtptoga.store/assets/img/JKR/62.webp]
[rtptoga.store/assets/img/JKR/63.webp]
[rtptoga.store/assets/img/JKR/64.webp]
[rtptoga.store/assets/img/JKR/65.webp]
[rtptoga.store/assets/img/JKR/66.webp]
[rtptoga.store/assets/img/JKR/67.webp]
[rtptoga.store/assets/img/JKR/68.webp]
[rtptoga.store/assets/img/JKR/69.webp]
[rtptoga.store/assets/img/JKR/70.webp]
[rtptoga.store/assets/img/JKR/71.webp]
[rtptoga.store/assets/img/JKR/72.webp]
[rtptoga.store/assets/img/JKR/73.webp]
[rtptoga.store/assets/img/JKR/74.webp]
[rtptoga.store/assets/img/JKR/75.webp]
[rtptoga.store/assets/img/JKR/76.webp]
[rtptoga.store/assets/img/JKR/77.webp]
[rtptoga.store/assets/img/JKR/78.webp]
[rtptoga.store/assets/img/JKR/79.webp]
[rtptoga.store/assets/img/JKR/80.webp]
[rtptoga.store/assets/img/JKR/81.webp]
[rtptoga.store/assets/img/JKR/82.webp]
[rtptoga.store/assets/img/JKR/83.webp]
[rtptoga.store/assets/img/JKR/84.webp]
[rtptoga.store/assets/img/JKR/85.webp]
[rtptoga.store/assets/img/JKR/86.webp]
[rtptoga.store/assets/img/JKR/87.webp]
[rtptoga.store/assets/img/JKR/88.webp]
[rtptoga.store/assets/img/JKR/89.webp]
[rtptoga.store/assets/img/JKR/90.webp]
[rtptoga.store/assets/img/JKR/91.webp]
[rtptoga.store/assets/img/JKR/92.webp]
[rtptoga.store/assets/img/JKR/93.webp]
[rtptoga.store/assets/img/JKR/94.webp]
[rtptoga.store/assets/img/JKR/95.webp]
[rtptoga.store/assets/img/JKR/96.webp]
[rtptoga.store/assets/img/JKR/97.webp]
[rtptoga.store/assets/img/JKR/98.webp]
[rtptoga.store/assets/img/JKR/99.webp]
[rtptoga.store/assets/img/JKR/100.webp]
[rtptoga.store/assets/img/JKR/101.webp]
[rtptoga.store/assets/img/JKR/102.webp]
[rtptoga.store/assets/img/JKR/103.webp]
[rtptoga.store/assets/img/JKR/104.webp]
[rtptoga.store/assets/img/JKR/105.webp]
[rtptoga.store/assets/img/JKR/106.webp]
[rtptoga.store/assets/img/JKR/107.webp]
[rtptoga.store/assets/img/JKR/108.webp]
[rtptoga.store/assets/img/JKR/109.webp]
[rtptoga.store/assets/img/JKR/110.webp]
[rtptoga.store/assets/img/JKR/111.webp]
[rtptoga.store/assets/img/JKR/112.webp]
[rtptoga.store/assets/img/JKR/113.webp]
[rtptoga.store/assets/img/JKR/114.webp]
[rtptoga.store/assets/img/JKR/115.webp]
[rtptoga.store/assets/img/JKR/116.webp]
[rtptoga.store/assets/img/JKR/117.webp]
[rtptoga.store/assets/img/JKR/118.webp]
[rtptoga.store/assets/img/JKR/119.webp]
[rtptoga.store/assets/img/JKR/120.webp]
[rtptoga.store/assets/img/JKR/121.webp]
[rtptoga.store/assets/img/JKR/122.webp]
[rtptoga.store/assets/img/JKR/123.webp]
[rtptoga.store/assets/img/JKR/124.webp]
[rtptoga.store/assets/img/JKR/125.webp]
[rtptoga.store/assets/img/JKR/126.webp]
[rtptoga.store/assets/img/JKR/127.webp]
[rtptoga.store/assets/img/JKR/128.webp]
[rtptoga.store/assets/img/JKR/129.webp]
[rtptoga.store/assets/img/JKR/130.webp]
[rtptoga.store/assets/img/JKR/131.webp]
[rtptoga.store/assets/img/JKR/132.webp]
[rtptoga.store/assets/img/JKR/133.webp]
[rtptoga.store/assets/img/JKR/134.webp]
[rtptoga.store/assets/img/JKR/135.webp]
[rtptoga.store/assets/img/JKR/136.webp]
[rtptoga.store/assets/img/JKR/137.webp]
[rtptoga.store/assets/img/JKR/138.webp]
[rtptoga.store/assets/img/JKR/139.webp]
[rtptoga.store/assets/img/JKR/140.webp]
[rtptoga.store/assets/img/JKR/141.webp]
[rtptoga.store/assets/img/JKR/142.webp]
[rtptoga.store/assets/img/JKR/143.webp]
[rtptoga.store/assets/img/JKR/144.webp]
[rtptoga.store/assets/img/JKR/145.webp]
[rtptoga.store/assets/img/JKR/146.webp]
[rtptoga.store/assets/img/JKR/147.webp]
[rtptoga.store/assets/img/JKR/148.webp]
[rtptoga.store/assets/img/JKR/149.webp]
[rtptoga.store/assets/img/JKR/150.webp]
[rtptoga.store/assets/img/JKR/151.webp]
[rtptoga.store/assets/img/JKR/152.webp]
[rtptoga.store/assets/img/JKR/153.webp]
[rtptoga.store/assets/img/JKR/154.webp]
[rtptoga.store/assets/img/JKR/155.webp]
[rtptoga.store/assets/img/JKR/156.webp]
[rtptoga.store/assets/img/JKR/157.webp]
[rtptoga.store/assets/img/JKR/158.webp]
[rtptoga.store/assets/img/JKR/159.webp]
[rtptoga.store/assets/img/JKR/160.webp]
[rtptoga.store/assets/js/Joker.js]
[rtptoga.store/Joker.html]
[rtptoga.store/assets/home.svg]
[rtptoga.store/assets/favorit.svg]
[rtptoga.store/assets/slot88.html]
[rtptoga.store/assets/Joker.svg]
[rtptoga.store/assets/Pragmaticplay.svg]
[rtptoga.store/assets/habanero.svg]
[rtptoga.store/assets/idnslot.html]
[rtptoga.store/assets/pg.svg]
[rtptoga.store/assets/microgaming.svg]
[rtptoga.store/assets/isoftbet.html]
[rtptoga.store/assets/playstar.html]
[rtptoga.store/assets/logo-ttg.svg]
[rtptoga.store/assets/spadegaming.svg]
[rtptoga.store/assets/redtiger.html]
[rtptoga.store/assets/rtg.html]
[rtptoga.store/assets/simpleplay.html]
[rtptoga.store/assets/gameplay.html]
[rtptoga.store/assets/netent.html]
[rtptoga.store/assets/mannaplay.html]
[rtptoga.store/assets/js/Joker1.js]
